Archive member included to satisfy reference by file (symbol)

../lab3_bsp//libhal_bsp.a(alt_irq_register.o)
                              obj/default/hello_world_small.o (alt_irq_register)
../lab3_bsp//libhal_bsp.a(alt_irq_vars.o)
                              ../lab3_bsp//libhal_bsp.a(alt_irq_register.o) (alt_irq_active)
../lab3_bsp//libhal_bsp.a(alt_load.o)
                              ../lab3_bsp//obj/HAL/src/crt0.o (alt_load)
../lab3_bsp//libhal_bsp.a(alt_main.o)
                              ../lab3_bsp//obj/HAL/src/crt0.o (alt_main)
../lab3_bsp//libhal_bsp.a(alt_sys_init.o)
                              ../lab3_bsp//libhal_bsp.a(alt_main.o) (alt_irq_init)
../lab3_bsp//libhal_bsp.a(altera_up_avalon_accelerometer_spi.o)
                              obj/default/hello_world_small.o (alt_up_accelerometer_spi_open_dev)
../lab3_bsp//libhal_bsp.a(alt_dcache_flush_all.o)
                              ../lab3_bsp//libhal_bsp.a(alt_load.o) (alt_dcache_flush_all)
../lab3_bsp//libhal_bsp.a(alt_dev.o)
                              ../lab3_bsp//libhal_bsp.a(alt_sys_init.o) (alt_dev_list)
../lab3_bsp//libhal_bsp.a(alt_dev_llist_insert.o)
                              ../lab3_bsp//libhal_bsp.a(alt_sys_init.o) (alt_dev_llist_insert)
../lab3_bsp//libhal_bsp.a(alt_errno.o)
                              ../lab3_bsp//libhal_bsp.a(alt_dev_llist_insert.o) (alt_errno)
../lab3_bsp//libhal_bsp.a(alt_find_dev.o)
                              ../lab3_bsp//libhal_bsp.a(altera_up_avalon_accelerometer_spi.o) (alt_find_dev)
../lab3_bsp//libhal_bsp.a(alt_icache_flush_all.o)
                              ../lab3_bsp//libhal_bsp.a(alt_load.o) (alt_icache_flush_all)
../lab3_bsp//libhal_bsp.a(alt_irq_entry.o)
                              ../lab3_bsp//libhal_bsp.a(alt_irq_register.o) (alt_irq_entry)
../lab3_bsp//libhal_bsp.a(alt_irq_handler.o)
                              ../lab3_bsp//libhal_bsp.a(alt_irq_register.o) (alt_irq_handler)
../lab3_bsp//libhal_bsp.a(altera_nios2_gen2_irq.o)
                              ../lab3_bsp//libhal_bsp.a(alt_sys_init.o) (altera_nios2_gen2_irq_init)
../lab3_bsp//libhal_bsp.a(alt_exception_entry.o)
                              ../lab3_bsp//libhal_bsp.a(alt_irq_entry.o) (alt_exception)
../lab3_bsp//libhal_bsp.a(alt_instruction_exception_entry.o)
                              ../lab3_bsp//libhal_bsp.a(alt_exception_entry.o) (alt_instruction_exception_entry)
/home/z/intelFPGA_lite/18.1/nios2eds/bin/gnu/H-x86_64-pc-linux-gnu/bin/../lib/gcc/nios2-elf/5.3.0/../../../../../H-x86_64-pc-linux-gnu/nios2-elf/lib/mno-hw-mul/libsmallc.a(lib_a-int_errno.o)
                              ../lab3_bsp//libhal_bsp.a(alt_dev_llist_insert.o) (errno)
/home/z/intelFPGA_lite/18.1/nios2eds/bin/gnu/H-x86_64-pc-linux-gnu/bin/../lib/gcc/nios2-elf/5.3.0/../../../../../H-x86_64-pc-linux-gnu/nios2-elf/lib/mno-hw-mul/libsmallc.a(lib_a-memcmp.o)
                              ../lab3_bsp//libhal_bsp.a(alt_find_dev.o) (memcmp)
/home/z/intelFPGA_lite/18.1/nios2eds/bin/gnu/H-x86_64-pc-linux-gnu/bin/../lib/gcc/nios2-elf/5.3.0/../../../../../H-x86_64-pc-linux-gnu/nios2-elf/lib/mno-hw-mul/libsmallc.a(lib_a-strlen.o)
                              ../lab3_bsp//libhal_bsp.a(alt_find_dev.o) (strlen)

Allocating common symbols
Common symbol       size              file

alt_irq             0x100             ../lab3_bsp//libhal_bsp.a(alt_irq_handler.o)
errno               0x4               /home/z/intelFPGA_lite/18.1/nios2eds/bin/gnu/H-x86_64-pc-linux-gnu/bin/../lib/gcc/nios2-elf/5.3.0/../../../../../H-x86_64-pc-linux-gnu/nios2-elf/lib/mno-hw-mul/libsmallc.a(lib_a-int_errno.o)
led                 0x1               obj/default/hello_world_small.o
level               0x4               obj/default/hello_world_small.o

Memory Configuration

Name             Origin             Length             Attributes
reset            0x0000000000010000 0x0000000000000020
onchip_memory    0x0000000000010020 0x000000000000ffe0
*default*        0x0000000000000000 0xffffffffffffffff

Linker script and memory map

LOAD ../lab3_bsp//obj/HAL/src/crt0.o
LOAD obj/default/hello_world_small.o
LOAD /home/z/intelFPGA_lite/18.1/nios2eds/bin/gnu/H-x86_64-pc-linux-gnu/bin/../lib/gcc/nios2-elf/5.3.0/../../../../../H-x86_64-pc-linux-gnu/nios2-elf/lib/mno-hw-mul/libstdc++.a
LOAD /home/z/intelFPGA_lite/18.1/nios2eds/bin/gnu/H-x86_64-pc-linux-gnu/bin/../lib/gcc/nios2-elf/5.3.0/../../../../../H-x86_64-pc-linux-gnu/nios2-elf/lib/mno-hw-mul/libm.a
LOAD /home/z/intelFPGA_lite/18.1/nios2eds/bin/gnu/H-x86_64-pc-linux-gnu/bin/../lib/gcc/nios2-elf/5.3.0/mno-hw-mul/libgcc.a
START GROUP
LOAD /home/z/intelFPGA_lite/18.1/nios2eds/bin/gnu/H-x86_64-pc-linux-gnu/bin/../lib/gcc/nios2-elf/5.3.0/../../../../../H-x86_64-pc-linux-gnu/nios2-elf/lib/mno-hw-mul/libsmallc.a
LOAD /home/z/intelFPGA_lite/18.1/nios2eds/bin/gnu/H-x86_64-pc-linux-gnu/bin/../lib/gcc/nios2-elf/5.3.0/mno-hw-mul/libgcc.a
LOAD ../lab3_bsp//libhal_bsp.a
LOAD /home/z/intelFPGA_lite/18.1/nios2eds/bin/gnu/H-x86_64-pc-linux-gnu/bin/../lib/gcc/nios2-elf/5.3.0/../../../../../H-x86_64-pc-linux-gnu/nios2-elf/lib/mno-hw-mul/libm.a
END GROUP
LOAD /home/z/intelFPGA_lite/18.1/nios2eds/bin/gnu/H-x86_64-pc-linux-gnu/bin/../lib/gcc/nios2-elf/5.3.0/mno-hw-mul/libgcc.a
                0x0000000000010000                __alt_mem_onchip_memory = 0x10000

.entry          0x0000000000010000       0x20
 *(.entry)
 .entry         0x0000000000010000       0x20 ../lab3_bsp//obj/HAL/src/crt0.o
                0x0000000000010000                __reset
                0x000000000001000c                _exit

.exceptions     0x0000000000010020      0x160
                0x0000000000010020                PROVIDE (__ram_exceptions_start, ABSOLUTE (.))
                0x0000000000010020                . = ALIGN (0x20)
 *(.irq)
 *(.exceptions.entry.label)
 .exceptions.entry.label
                0x0000000000010020        0x0 ../lab3_bsp//libhal_bsp.a(alt_irq_entry.o)
                0x0000000000010020                alt_irq_entry
 .exceptions.entry.label
                0x0000000000010020        0x0 ../lab3_bsp//libhal_bsp.a(alt_exception_entry.o)
                0x0000000000010020                alt_exception
 *(.exceptions.entry.user)
 *(.exceptions.entry.ecc_fatal)
 *(.exceptions.entry)
 .exceptions.entry
                0x0000000000010020       0x54 ../lab3_bsp//libhal_bsp.a(alt_exception_entry.o)
 *(.exceptions.irqtest.user)
 *(.exceptions.irqtest)
 .exceptions.irqtest
                0x0000000000010074       0x10 ../lab3_bsp//libhal_bsp.a(alt_irq_entry.o)
 *(.exceptions.irqhandler.user)
 *(.exceptions.irqhandler)
 .exceptions.irqhandler
                0x0000000000010084        0x4 ../lab3_bsp//libhal_bsp.a(alt_irq_entry.o)
 *(.exceptions.irqreturn.user)
 *(.exceptions.irqreturn)
 .exceptions.irqreturn
                0x0000000000010088        0x4 ../lab3_bsp//libhal_bsp.a(alt_irq_entry.o)
 *(.exceptions.notirq.label)
 .exceptions.notirq.label
                0x000000000001008c        0x0 ../lab3_bsp//libhal_bsp.a(alt_irq_entry.o)
 *(.exceptions.notirq.user)
 *(.exceptions.notirq)
 .exceptions.notirq
                0x000000000001008c        0x8 ../lab3_bsp//libhal_bsp.a(alt_exception_entry.o)
 *(.exceptions.soft.user)
 *(.exceptions.soft)
 *(.exceptions.unknown.user)
 *(.exceptions.unknown)
 .exceptions.unknown
                0x0000000000010094       0x14 ../lab3_bsp//libhal_bsp.a(alt_exception_entry.o)
 *(.exceptions.exit.label)
 .exceptions.exit.label
                0x00000000000100a8        0x0 ../lab3_bsp//libhal_bsp.a(alt_irq_entry.o)
 .exceptions.exit.label
                0x00000000000100a8        0x0 ../lab3_bsp//libhal_bsp.a(alt_exception_entry.o)
 *(.exceptions.exit.user)
 *(.exceptions.exit)
 .exceptions.exit
                0x00000000000100a8       0x54 ../lab3_bsp//libhal_bsp.a(alt_exception_entry.o)
 *(.exceptions)
 .exceptions    0x00000000000100fc       0x60 ../lab3_bsp//libhal_bsp.a(alt_irq_handler.o)
                0x00000000000100fc                alt_irq_handler
 .exceptions    0x000000000001015c       0x24 ../lab3_bsp//libhal_bsp.a(alt_instruction_exception_entry.o)
                0x000000000001015c                alt_instruction_exception_entry
                0x0000000000010180                PROVIDE (__ram_exceptions_end, ABSOLUTE (.))
                0x0000000000010020                PROVIDE (__flash_exceptions_start, LOADADDR (.exceptions))

.text           0x0000000000010180      0x6bc
                [!provide]                        PROVIDE (stext, ABSOLUTE (.))
 *(.interp)
 *(.hash)
 *(.dynsym)
 *(.dynstr)
 *(.gnu.version)
 *(.gnu.version_d)
 *(.gnu.version_r)
 *(.rel.init)
 *(.rela.init)
 *(.rel.text .rel.text.* .rel.gnu.linkonce.t.*)
 *(.rela.text .rela.text.* .rela.gnu.linkonce.t.*)
 *(.rel.fini)
 *(.rela.fini)
 *(.rel.rodata .rel.rodata.* .rel.gnu.linkonce.r.*)
 *(.rela.rodata .rela.rodata.* .rela.gnu.linkonce.r.*)
 *(.rel.data .rel.data.* .rel.gnu.linkonce.d.*)
 *(.rela.data .rela.data.* .rela.gnu.linkonce.d.*)
 *(.rel.tdata .rel.tdata.* .rel.gnu.linkonce.td.*)
 *(.rela.tdata .rela.tdata.* .rela.gnu.linkonce.td.*)
 *(.rel.tbss .rel.tbss.* .rel.gnu.linkonce.tb.*)
 *(.rela.tbss .rela.tbss.* .rela.gnu.linkonce.tb.*)
 *(.rel.ctors)
 *(.rela.ctors)
 *(.rel.dtors)
 *(.rela.dtors)
 *(.rel.got)
 *(.rela.got)
 *(.rel.sdata .rel.sdata.* .rel.gnu.linkonce.s.*)
 *(.rela.sdata .rela.sdata.* .rela.gnu.linkonce.s.*)
 *(.rel.sbss .rel.sbss.* .rel.gnu.linkonce.sb.*)
 *(.rela.sbss .rela.sbss.* .rela.gnu.linkonce.sb.*)
 *(.rel.sdata2 .rel.sdata2.* .rel.gnu.linkonce.s2.*)
 *(.rela.sdata2 .rela.sdata2.* .rela.gnu.linkonce.s2.*)
 *(.rel.sbss2 .rel.sbss2.* .rel.gnu.linkonce.sb2.*)
 *(.rela.sbss2 .rela.sbss2.* .rela.gnu.linkonce.sb2.*)
 *(.rel.bss .rel.bss.* .rel.gnu.linkonce.b.*)
 *(.rela.bss .rela.bss.* .rela.gnu.linkonce.b.*)
 *(.rel.plt)
 *(.rela.plt)
 *(.rel.dyn)
 *(.init)
 *(.plt)
 *(.text .stub .text.* .gnu.linkonce.t.*)
 .text          0x0000000000010180       0x3c ../lab3_bsp//obj/HAL/src/crt0.o
                0x0000000000010180                _start
 .text          0x00000000000101bc      0x138 obj/default/hello_world_small.o
                0x00000000000101bc                sys_timer_isr
                0x000000000001023c                led_write
                0x0000000000010250                convert_read
                0x0000000000010284                timer_init
 .text.startup  0x00000000000102f4       0x60 obj/default/hello_world_small.o
                0x00000000000102f4                main
 .text          0x0000000000010354       0x94 ../lab3_bsp//libhal_bsp.a(alt_irq_register.o)
                0x0000000000010354                alt_irq_register
 .text          0x00000000000103e8        0x0 ../lab3_bsp//libhal_bsp.a(alt_irq_vars.o)
 .text          0x00000000000103e8       0xe0 ../lab3_bsp//libhal_bsp.a(alt_load.o)
                0x00000000000103e8                alt_load
 .text          0x00000000000104c8       0x2c ../lab3_bsp//libhal_bsp.a(alt_main.o)
                0x00000000000104c8                alt_main
 .text          0x00000000000104f4       0x30 ../lab3_bsp//libhal_bsp.a(alt_sys_init.o)
                0x00000000000104f4                alt_irq_init
                0x0000000000010514                alt_sys_init
 .text          0x0000000000010524      0x160 ../lab3_bsp//libhal_bsp.a(altera_up_avalon_accelerometer_spi.o)
                0x0000000000010524                alt_up_accelerometer_spi_open_dev
                0x000000000001052c                alt_up_accelerometer_spi_read_address_register
                0x0000000000010540                alt_up_accelerometer_spi_read
                0x0000000000010560                alt_up_accelerometer_spi_write
                0x000000000001057c                alt_up_accelerometer_spi_read_x_axis
                0x00000000000105d4                alt_up_accelerometer_spi_read_y_axis
                0x000000000001062c                alt_up_accelerometer_spi_read_z_axis
 .text          0x0000000000010684        0x4 ../lab3_bsp//libhal_bsp.a(alt_dcache_flush_all.o)
                0x0000000000010684                alt_dcache_flush_all
 .text          0x0000000000010688        0x8 ../lab3_bsp//libhal_bsp.a(alt_dev.o)
 .text          0x0000000000010690       0x6c ../lab3_bsp//libhal_bsp.a(alt_dev_llist_insert.o)
                0x0000000000010690                alt_dev_llist_insert
 .text          0x00000000000106fc        0x0 ../lab3_bsp//libhal_bsp.a(alt_errno.o)
 .text          0x00000000000106fc       0x74 ../lab3_bsp//libhal_bsp.a(alt_find_dev.o)
                0x00000000000106fc                alt_find_dev
 .text          0x0000000000010770        0x4 ../lab3_bsp//libhal_bsp.a(alt_icache_flush_all.o)
                0x0000000000010770                alt_icache_flush_all
 .text          0x0000000000010774        0x0 ../lab3_bsp//libhal_bsp.a(alt_irq_entry.o)
 .text          0x0000000000010774        0x0 ../lab3_bsp//libhal_bsp.a(alt_irq_handler.o)
 .text          0x0000000000010774        0x8 ../lab3_bsp//libhal_bsp.a(altera_nios2_gen2_irq.o)
                0x0000000000010774                altera_nios2_gen2_irq_init
 .text          0x000000000001077c        0x0 ../lab3_bsp//libhal_bsp.a(alt_exception_entry.o)
 .text          0x000000000001077c       0x74 ../lab3_bsp//libhal_bsp.a(alt_instruction_exception_entry.o)
                0x000000000001077c                alt_exception_cause_generated_bad_addr
 .text          0x00000000000107f0        0x0 /home/z/intelFPGA_lite/18.1/nios2eds/bin/gnu/H-x86_64-pc-linux-gnu/bin/../lib/gcc/nios2-elf/5.3.0/../../../../../H-x86_64-pc-linux-gnu/nios2-elf/lib/mno-hw-mul/libsmallc.a(lib_a-int_errno.o)
 .text          0x00000000000107f0        0x0 /home/z/intelFPGA_lite/18.1/nios2eds/bin/gnu/H-x86_64-pc-linux-gnu/bin/../lib/gcc/nios2-elf/5.3.0/../../../../../H-x86_64-pc-linux-gnu/nios2-elf/lib/mno-hw-mul/libsmallc.a(lib_a-memcmp.o)
 .text.memcmp   0x00000000000107f0       0x30 /home/z/intelFPGA_lite/18.1/nios2eds/bin/gnu/H-x86_64-pc-linux-gnu/bin/../lib/gcc/nios2-elf/5.3.0/../../../../../H-x86_64-pc-linux-gnu/nios2-elf/lib/mno-hw-mul/libsmallc.a(lib_a-memcmp.o)
                0x00000000000107f0                memcmp
 .text          0x0000000000010820        0x0 /home/z/intelFPGA_lite/18.1/nios2eds/bin/gnu/H-x86_64-pc-linux-gnu/bin/../lib/gcc/nios2-elf/5.3.0/../../../../../H-x86_64-pc-linux-gnu/nios2-elf/lib/mno-hw-mul/libsmallc.a(lib_a-strlen.o)
 .text.strlen   0x0000000000010820       0x1c /home/z/intelFPGA_lite/18.1/nios2eds/bin/gnu/H-x86_64-pc-linux-gnu/bin/../lib/gcc/nios2-elf/5.3.0/../../../../../H-x86_64-pc-linux-gnu/nios2-elf/lib/mno-hw-mul/libsmallc.a(lib_a-strlen.o)
                0x0000000000010820                strlen
 *(.gnu.warning.*)
 *(.fini)
                [!provide]                        PROVIDE (__etext, ABSOLUTE (.))
                [!provide]                        PROVIDE (_etext, ABSOLUTE (.))
                [!provide]                        PROVIDE (etext, ABSOLUTE (.))
 *(.eh_frame_hdr)
                0x000000000001083c                . = ALIGN (0x4)
                [!provide]                        PROVIDE (__preinit_array_start, ABSOLUTE (.))
 *(.preinit_array)
                [!provide]                        PROVIDE (__preinit_array_end, ABSOLUTE (.))
                [!provide]                        PROVIDE (__init_array_start, ABSOLUTE (.))
 *(.init_array)
                [!provide]                        PROVIDE (__init_array_end, ABSOLUTE (.))
                [!provide]                        PROVIDE (__fini_array_start, ABSOLUTE (.))
 *(.fini_array)
                [!provide]                        PROVIDE (__fini_array_end, ABSOLUTE (.))
 *(.eh_frame)
 *(.gcc_except_table .gcc_except_table.*)
 *(.dynamic)
                [!provide]                        PROVIDE (__CTOR_LIST__, ABSOLUTE (.))
 *(.ctors)
 *(SORT(.ctors.*))
                [!provide]                        PROVIDE (__CTOR_END__, ABSOLUTE (.))
                [!provide]                        PROVIDE (__DTOR_LIST__, ABSOLUTE (.))
 *(.dtors)
 *(SORT(.dtors.*))
                [!provide]                        PROVIDE (__DTOR_END__, ABSOLUTE (.))
 *(.jcr)
                0x000000000001083c                . = ALIGN (0x4)

.rodata         0x000000000001083c       0x24
                0x000000000001083c                PROVIDE (__ram_rodata_start, ABSOLUTE (.))
                0x000000000001083c                . = ALIGN (0x4)
 *(.rodata .rodata.* .gnu.linkonce.r.*)
 .rodata.str1.4
                0x000000000001083c       0x17 obj/default/hello_world_small.o
 .rodata.str1.4
                0x0000000000010853       0x17 ../lab3_bsp//libhal_bsp.a(alt_sys_init.o)
 *fill*         0x0000000000010853        0x1 
 .rodata.str1.4
                0x0000000000010854        0xc ../lab3_bsp//libhal_bsp.a(alt_dev.o)
                                          0xa (size before relaxing)
 *(.rodata1)
                0x0000000000010860                . = ALIGN (0x4)
                0x0000000000010860                PROVIDE (__ram_rodata_end, ABSOLUTE (.))
                0x000000000001083c                PROVIDE (__flash_rodata_start, LOADADDR (.rodata))

.rwdata         0x0000000000010860       0xa4 load address 0x0000000000010904
                0x0000000000010860                PROVIDE (__ram_rwdata_start, ABSOLUTE (.))
                0x0000000000010860                . = ALIGN (0x4)
 *(.got.plt)
 *(.got)
 *(.data1)
 *(.data .data.* .gnu.linkonce.d.*)
 .data          0x0000000000010860        0x0 ../lab3_bsp//obj/HAL/src/crt0.o
 .data          0x0000000000010860        0x0 obj/default/hello_world_small.o
 .data          0x0000000000010860        0x0 ../lab3_bsp//libhal_bsp.a(alt_irq_register.o)
 .data          0x0000000000010860        0x0 ../lab3_bsp//libhal_bsp.a(alt_irq_vars.o)
 .data          0x0000000000010860        0x0 ../lab3_bsp//libhal_bsp.a(alt_load.o)
 .data          0x0000000000010860        0x0 ../lab3_bsp//libhal_bsp.a(alt_main.o)
 .data          0x0000000000010860       0x2c ../lab3_bsp//libhal_bsp.a(alt_sys_init.o)
 .data          0x000000000001088c        0x0 ../lab3_bsp//libhal_bsp.a(altera_up_avalon_accelerometer_spi.o)
 .data          0x000000000001088c        0x0 ../lab3_bsp//libhal_bsp.a(alt_dcache_flush_all.o)
 .data          0x000000000001088c       0x58 ../lab3_bsp//libhal_bsp.a(alt_dev.o)
                0x000000000001088c                alt_fd_list
                0x00000000000108bc                alt_dev_null
 .data          0x00000000000108e4        0x0 ../lab3_bsp//libhal_bsp.a(alt_dev_llist_insert.o)
 .data          0x00000000000108e4        0x0 ../lab3_bsp//libhal_bsp.a(alt_errno.o)
 .data          0x00000000000108e4        0x0 ../lab3_bsp//libhal_bsp.a(alt_find_dev.o)
 .data          0x00000000000108e4        0x0 ../lab3_bsp//libhal_bsp.a(alt_icache_flush_all.o)
 .data          0x00000000000108e4        0x0 ../lab3_bsp//libhal_bsp.a(alt_irq_entry.o)
 .data          0x00000000000108e4        0x0 ../lab3_bsp//libhal_bsp.a(alt_irq_handler.o)
 .data          0x00000000000108e4        0x0 ../lab3_bsp//libhal_bsp.a(altera_nios2_gen2_irq.o)
 .data          0x00000000000108e4        0x0 ../lab3_bsp//libhal_bsp.a(alt_exception_entry.o)
 .data          0x00000000000108e4        0x0 ../lab3_bsp//libhal_bsp.a(alt_instruction_exception_entry.o)
 .data          0x00000000000108e4        0x0 /home/z/intelFPGA_lite/18.1/nios2eds/bin/gnu/H-x86_64-pc-linux-gnu/bin/../lib/gcc/nios2-elf/5.3.0/../../../../../H-x86_64-pc-linux-gnu/nios2-elf/lib/mno-hw-mul/libsmallc.a(lib_a-int_errno.o)
 .data          0x00000000000108e4        0x0 /home/z/intelFPGA_lite/18.1/nios2eds/bin/gnu/H-x86_64-pc-linux-gnu/bin/../lib/gcc/nios2-elf/5.3.0/../../../../../H-x86_64-pc-linux-gnu/nios2-elf/lib/mno-hw-mul/libsmallc.a(lib_a-memcmp.o)
 .data          0x00000000000108e4        0x0 /home/z/intelFPGA_lite/18.1/nios2eds/bin/gnu/H-x86_64-pc-linux-gnu/bin/../lib/gcc/nios2-elf/5.3.0/../../../../../H-x86_64-pc-linux-gnu/nios2-elf/lib/mno-hw-mul/libsmallc.a(lib_a-strlen.o)
                0x00000000000188e4                _gp = ABSOLUTE ((. + 0x8000))
                [!provide]                        PROVIDE (gp, _gp)
 *(.rwdata .rwdata.*)
 *(.sdata .sdata.* .gnu.linkonce.s.*)
 .sdata         0x00000000000108e4        0x4 ../lab3_bsp//libhal_bsp.a(alt_irq_vars.o)
                0x00000000000108e4                alt_priority_mask
 .sdata         0x00000000000108e8        0x4 ../lab3_bsp//libhal_bsp.a(alt_sys_init.o)
                0x00000000000108e8                jtag_uart
 .sdata         0x00000000000108ec       0x14 ../lab3_bsp//libhal_bsp.a(alt_dev.o)
                0x00000000000108ec                alt_max_fd
                0x00000000000108f0                alt_dev_list
                0x00000000000108f8                alt_fs_list
 .sdata         0x0000000000010900        0x4 ../lab3_bsp//libhal_bsp.a(alt_errno.o)
                0x0000000000010900                alt_errno
 *(.sdata2 .sdata2.* .gnu.linkonce.s2.*)
                0x0000000000010904                . = ALIGN (0x4)
                0x0000000000010904                _edata = ABSOLUTE (.)
                [!provide]                        PROVIDE (edata, ABSOLUTE (.))
                0x0000000000010904                PROVIDE (__ram_rwdata_end, ABSOLUTE (.))
                0x0000000000010904                PROVIDE (__flash_rwdata_start, LOADADDR (.rwdata))

.bss            0x00000000000109a8      0x124
                0x00000000000109a8                __bss_start = ABSOLUTE (.)
                [!provide]                        PROVIDE (__sbss_start, ABSOLUTE (.))
                [!provide]                        PROVIDE (___sbss_start, ABSOLUTE (.))
 *(.dynsbss)
 *(.sbss .sbss.* .gnu.linkonce.sb.*)
 .sbss          0x00000000000109a8        0x1 obj/default/hello_world_small.o
                0x00000000000109a8                pwm
 *fill*         0x00000000000109a9        0x3 
 .sbss          0x00000000000109ac        0x8 obj/default/hello_world_small.o
                0x00000000000109ac                led
                0x00000000000109b0                level
 .sbss          0x00000000000109b4        0x4 ../lab3_bsp//libhal_bsp.a(alt_irq_vars.o)
                0x00000000000109b4                alt_irq_active
 .sbss          0x00000000000109b8        0xc ../lab3_bsp//libhal_bsp.a(alt_main.o)
                0x00000000000109b8                alt_envp
                0x00000000000109bc                alt_argv
                0x00000000000109c0                alt_argc
 .sbss          0x00000000000109c4        0x4 ../lab3_bsp//libhal_bsp.a(alt_instruction_exception_entry.o)
                0x00000000000109c4                alt_instruction_exception_handler
 .sbss          0x00000000000109c8        0x4 /home/z/intelFPGA_lite/18.1/nios2eds/bin/gnu/H-x86_64-pc-linux-gnu/bin/../lib/gcc/nios2-elf/5.3.0/../../../../../H-x86_64-pc-linux-gnu/nios2-elf/lib/mno-hw-mul/libsmallc.a(lib_a-int_errno.o)
                0x00000000000109c8                errno
 *(.sbss2 .sbss2.* .gnu.linkonce.sb2.*)
 *(.scommon)
                [!provide]                        PROVIDE (__sbss_end, ABSOLUTE (.))
                [!provide]                        PROVIDE (___sbss_end, ABSOLUTE (.))
 *(.dynbss)
 *(.bss .bss.* .gnu.linkonce.b.*)
 .bss           0x00000000000109cc        0x0 ../lab3_bsp//obj/HAL/src/crt0.o
 .bss           0x00000000000109cc        0x0 obj/default/hello_world_small.o
 .bss           0x00000000000109cc        0x0 ../lab3_bsp//libhal_bsp.a(alt_irq_register.o)
 .bss           0x00000000000109cc        0x0 ../lab3_bsp//libhal_bsp.a(alt_irq_vars.o)
 .bss           0x00000000000109cc        0x0 ../lab3_bsp//libhal_bsp.a(alt_load.o)
 .bss           0x00000000000109cc        0x0 ../lab3_bsp//libhal_bsp.a(alt_main.o)
 .bss           0x00000000000109cc        0x0 ../lab3_bsp//libhal_bsp.a(alt_sys_init.o)
 .bss           0x00000000000109cc        0x0 ../lab3_bsp//libhal_bsp.a(altera_up_avalon_accelerometer_spi.o)
 .bss           0x00000000000109cc        0x0 ../lab3_bsp//libhal_bsp.a(alt_dcache_flush_all.o)
 .bss           0x00000000000109cc        0x0 ../lab3_bsp//libhal_bsp.a(alt_dev.o)
 .bss           0x00000000000109cc        0x0 ../lab3_bsp//libhal_bsp.a(alt_dev_llist_insert.o)
 .bss           0x00000000000109cc        0x0 ../lab3_bsp//libhal_bsp.a(alt_errno.o)
 .bss           0x00000000000109cc        0x0 ../lab3_bsp//libhal_bsp.a(alt_find_dev.o)
 .bss           0x00000000000109cc        0x0 ../lab3_bsp//libhal_bsp.a(alt_icache_flush_all.o)
 .bss           0x00000000000109cc        0x0 ../lab3_bsp//libhal_bsp.a(alt_irq_entry.o)
 .bss           0x00000000000109cc        0x0 ../lab3_bsp//libhal_bsp.a(alt_irq_handler.o)
 .bss           0x00000000000109cc        0x0 ../lab3_bsp//libhal_bsp.a(altera_nios2_gen2_irq.o)
 .bss           0x00000000000109cc        0x0 ../lab3_bsp//libhal_bsp.a(alt_exception_entry.o)
 .bss           0x00000000000109cc        0x0 ../lab3_bsp//libhal_bsp.a(alt_instruction_exception_entry.o)
 .bss           0x00000000000109cc        0x0 /home/z/intelFPGA_lite/18.1/nios2eds/bin/gnu/H-x86_64-pc-linux-gnu/bin/../lib/gcc/nios2-elf/5.3.0/../../../../../H-x86_64-pc-linux-gnu/nios2-elf/lib/mno-hw-mul/libsmallc.a(lib_a-int_errno.o)
 .bss           0x00000000000109cc        0x0 /home/z/intelFPGA_lite/18.1/nios2eds/bin/gnu/H-x86_64-pc-linux-gnu/bin/../lib/gcc/nios2-elf/5.3.0/../../../../../H-x86_64-pc-linux-gnu/nios2-elf/lib/mno-hw-mul/libsmallc.a(lib_a-memcmp.o)
 .bss           0x00000000000109cc        0x0 /home/z/intelFPGA_lite/18.1/nios2eds/bin/gnu/H-x86_64-pc-linux-gnu/bin/../lib/gcc/nios2-elf/5.3.0/../../../../../H-x86_64-pc-linux-gnu/nios2-elf/lib/mno-hw-mul/libsmallc.a(lib_a-strlen.o)
 *(COMMON)
 COMMON         0x00000000000109cc      0x100 ../lab3_bsp//libhal_bsp.a(alt_irq_handler.o)
                0x00000000000109cc                alt_irq
                0x0000000000010acc                . = ALIGN (0x4)
                0x0000000000010acc                __bss_end = ABSOLUTE (.)

.onchip_memory  0x0000000000010acc        0x0
                [!provide]                        PROVIDE (_alt_partition_onchip_memory_start, ABSOLUTE (.))
 *(.onchip_memory .onchip_memory. onchip_memory.*)
                0x0000000000010acc                . = ALIGN (0x4)
                [!provide]                        PROVIDE (_alt_partition_onchip_memory_end, ABSOLUTE (.))
                0x0000000000010acc                _end = ABSOLUTE (.)
                0x0000000000010acc                end = ABSOLUTE (.)
                0x0000000000010acc                __alt_stack_base = ABSOLUTE (.)
                [!provide]                        PROVIDE (_alt_partition_onchip_memory_load_addr, LOADADDR (.onchip_memory))

.stab
 *(.stab)

.stabstr
 *(.stabstr)

.stab.excl
 *(.stab.excl)

.stab.exclstr
 *(.stab.exclstr)

.stab.index
 *(.stab.index)

.stab.indexstr
 *(.stab.indexstr)

.comment        0x0000000000000000       0x23
 *(.comment)
 .comment       0x0000000000000000       0x23 obj/default/hello_world_small.o
                                         0x24 (size before relaxing)
 .comment       0x0000000000000023       0x24 ../lab3_bsp//libhal_bsp.a(alt_irq_register.o)
 .comment       0x0000000000000023       0x24 ../lab3_bsp//libhal_bsp.a(alt_irq_vars.o)
 .comment       0x0000000000000023       0x24 ../lab3_bsp//libhal_bsp.a(alt_load.o)
 .comment       0x0000000000000023       0x24 ../lab3_bsp//libhal_bsp.a(alt_main.o)
 .comment       0x0000000000000023       0x24 ../lab3_bsp//libhal_bsp.a(alt_sys_init.o)
 .comment       0x0000000000000023       0x24 ../lab3_bsp//libhal_bsp.a(altera_up_avalon_accelerometer_spi.o)
 .comment       0x0000000000000023       0x24 ../lab3_bsp//libhal_bsp.a(alt_dcache_flush_all.o)
 .comment       0x0000000000000023       0x24 ../lab3_bsp//libhal_bsp.a(alt_dev.o)
 .comment       0x0000000000000023       0x24 ../lab3_bsp//libhal_bsp.a(alt_dev_llist_insert.o)
 .comment       0x0000000000000023       0x24 ../lab3_bsp//libhal_bsp.a(alt_errno.o)
 .comment       0x0000000000000023       0x24 ../lab3_bsp//libhal_bsp.a(alt_find_dev.o)
 .comment       0x0000000000000023       0x24 ../lab3_bsp//libhal_bsp.a(alt_icache_flush_all.o)
 .comment       0x0000000000000023       0x24 ../lab3_bsp//libhal_bsp.a(alt_irq_handler.o)
 .comment       0x0000000000000023       0x24 ../lab3_bsp//libhal_bsp.a(altera_nios2_gen2_irq.o)
 .comment       0x0000000000000023       0x24 ../lab3_bsp//libhal_bsp.a(alt_instruction_exception_entry.o)
 .comment       0x0000000000000023       0x24 /home/z/intelFPGA_lite/18.1/nios2eds/bin/gnu/H-x86_64-pc-linux-gnu/bin/../lib/gcc/nios2-elf/5.3.0/../../../../../H-x86_64-pc-linux-gnu/nios2-elf/lib/mno-hw-mul/libsmallc.a(lib_a-int_errno.o)
 .comment       0x0000000000000023       0x24 /home/z/intelFPGA_lite/18.1/nios2eds/bin/gnu/H-x86_64-pc-linux-gnu/bin/../lib/gcc/nios2-elf/5.3.0/../../../../../H-x86_64-pc-linux-gnu/nios2-elf/lib/mno-hw-mul/libsmallc.a(lib_a-memcmp.o)
 .comment       0x0000000000000023       0x24 /home/z/intelFPGA_lite/18.1/nios2eds/bin/gnu/H-x86_64-pc-linux-gnu/bin/../lib/gcc/nios2-elf/5.3.0/../../../../../H-x86_64-pc-linux-gnu/nios2-elf/lib/mno-hw-mul/libsmallc.a(lib_a-strlen.o)

.debug
 *(.debug)

.line
 *(.line)

.debug_srcinfo
 *(.debug_srcinfo)

.debug_sfnames
 *(.debug_sfnames)

.debug_aranges  0x0000000000000000      0x2e8
 *(.debug_aranges)
 .debug_aranges
                0x0000000000000000       0x28 ../lab3_bsp//obj/HAL/src/crt0.o
 .debug_aranges
                0x0000000000000028       0x28 obj/default/hello_world_small.o
 .debug_aranges
                0x0000000000000050       0x20 ../lab3_bsp//libhal_bsp.a(alt_irq_register.o)
 .debug_aranges
                0x0000000000000070       0x18 ../lab3_bsp//libhal_bsp.a(alt_irq_vars.o)
 .debug_aranges
                0x0000000000000088       0x20 ../lab3_bsp//libhal_bsp.a(alt_load.o)
 .debug_aranges
                0x00000000000000a8       0x20 ../lab3_bsp//libhal_bsp.a(alt_main.o)
 .debug_aranges
                0x00000000000000c8       0x20 ../lab3_bsp//libhal_bsp.a(alt_sys_init.o)
 .debug_aranges
                0x00000000000000e8       0x20 ../lab3_bsp//libhal_bsp.a(altera_up_avalon_accelerometer_spi.o)
 .debug_aranges
                0x0000000000000108       0x20 ../lab3_bsp//libhal_bsp.a(alt_dcache_flush_all.o)
 .debug_aranges
                0x0000000000000128       0x20 ../lab3_bsp//libhal_bsp.a(alt_dev.o)
 .debug_aranges
                0x0000000000000148       0x20 ../lab3_bsp//libhal_bsp.a(alt_dev_llist_insert.o)
 .debug_aranges
                0x0000000000000168       0x18 ../lab3_bsp//libhal_bsp.a(alt_errno.o)
 .debug_aranges
                0x0000000000000180       0x20 ../lab3_bsp//libhal_bsp.a(alt_find_dev.o)
 .debug_aranges
                0x00000000000001a0       0x20 ../lab3_bsp//libhal_bsp.a(alt_icache_flush_all.o)
 .debug_aranges
                0x00000000000001c0       0x30 ../lab3_bsp//libhal_bsp.a(alt_irq_entry.o)
 .debug_aranges
                0x00000000000001f0       0x20 ../lab3_bsp//libhal_bsp.a(alt_irq_handler.o)
 .debug_aranges
                0x0000000000000210       0x20 ../lab3_bsp//libhal_bsp.a(altera_nios2_gen2_irq.o)
 .debug_aranges
                0x0000000000000230       0x38 ../lab3_bsp//libhal_bsp.a(alt_exception_entry.o)
 .debug_aranges
                0x0000000000000268       0x28 ../lab3_bsp//libhal_bsp.a(alt_instruction_exception_entry.o)
 .debug_aranges
                0x0000000000000290       0x18 /home/z/intelFPGA_lite/18.1/nios2eds/bin/gnu/H-x86_64-pc-linux-gnu/bin/../lib/gcc/nios2-elf/5.3.0/../../../../../H-x86_64-pc-linux-gnu/nios2-elf/lib/mno-hw-mul/libsmallc.a(lib_a-int_errno.o)
 .debug_aranges
                0x00000000000002a8       0x20 /home/z/intelFPGA_lite/18.1/nios2eds/bin/gnu/H-x86_64-pc-linux-gnu/bin/../lib/gcc/nios2-elf/5.3.0/../../../../../H-x86_64-pc-linux-gnu/nios2-elf/lib/mno-hw-mul/libsmallc.a(lib_a-memcmp.o)
 .debug_aranges
                0x00000000000002c8       0x20 /home/z/intelFPGA_lite/18.1/nios2eds/bin/gnu/H-x86_64-pc-linux-gnu/bin/../lib/gcc/nios2-elf/5.3.0/../../../../../H-x86_64-pc-linux-gnu/nios2-elf/lib/mno-hw-mul/libsmallc.a(lib_a-strlen.o)

.debug_pubnames
 *(.debug_pubnames)

.debug_info     0x0000000000000000     0x281b
 *(.debug_info .gnu.linkonce.wi.*)
 .debug_info    0x0000000000000000       0x6c ../lab3_bsp//obj/HAL/src/crt0.o
 .debug_info    0x000000000000006c      0x51d obj/default/hello_world_small.o
 .debug_info    0x0000000000000589      0x30d ../lab3_bsp//libhal_bsp.a(alt_irq_register.o)
 .debug_info    0x0000000000000896       0x88 ../lab3_bsp//libhal_bsp.a(alt_irq_vars.o)
 .debug_info    0x000000000000091e      0x1c9 ../lab3_bsp//libhal_bsp.a(alt_load.o)
 .debug_info    0x0000000000000ae7      0x18f ../lab3_bsp//libhal_bsp.a(alt_main.o)
 .debug_info    0x0000000000000c76      0x459 ../lab3_bsp//libhal_bsp.a(alt_sys_init.o)
 .debug_info    0x00000000000010cf      0x479 ../lab3_bsp//libhal_bsp.a(altera_up_avalon_accelerometer_spi.o)
 .debug_info    0x0000000000001548       0x92 ../lab3_bsp//libhal_bsp.a(alt_dcache_flush_all.o)
 .debug_info    0x00000000000015da      0x499 ../lab3_bsp//libhal_bsp.a(alt_dev.o)
 .debug_info    0x0000000000001a73      0x1b3 ../lab3_bsp//libhal_bsp.a(alt_dev_llist_insert.o)
 .debug_info    0x0000000000001c26       0xa6 ../lab3_bsp//libhal_bsp.a(alt_errno.o)
 .debug_info    0x0000000000001ccc      0x32d ../lab3_bsp//libhal_bsp.a(alt_find_dev.o)
 .debug_info    0x0000000000001ff9       0x92 ../lab3_bsp//libhal_bsp.a(alt_icache_flush_all.o)
 .debug_info    0x000000000000208b       0x75 ../lab3_bsp//libhal_bsp.a(alt_irq_entry.o)
 .debug_info    0x0000000000002100      0x1a4 ../lab3_bsp//libhal_bsp.a(alt_irq_handler.o)
 .debug_info    0x00000000000022a4       0xb8 ../lab3_bsp//libhal_bsp.a(altera_nios2_gen2_irq.o)
 .debug_info    0x000000000000235c       0x7b ../lab3_bsp//libhal_bsp.a(alt_exception_entry.o)
 .debug_info    0x00000000000023d7      0x1fd ../lab3_bsp//libhal_bsp.a(alt_instruction_exception_entry.o)
 .debug_info    0x00000000000025d4       0x8a /home/z/intelFPGA_lite/18.1/nios2eds/bin/gnu/H-x86_64-pc-linux-gnu/bin/../lib/gcc/nios2-elf/5.3.0/../../../../../H-x86_64-pc-linux-gnu/nios2-elf/lib/mno-hw-mul/libsmallc.a(lib_a-int_errno.o)
 .debug_info    0x000000000000265e       0xf4 /home/z/intelFPGA_lite/18.1/nios2eds/bin/gnu/H-x86_64-pc-linux-gnu/bin/../lib/gcc/nios2-elf/5.3.0/../../../../../H-x86_64-pc-linux-gnu/nios2-elf/lib/mno-hw-mul/libsmallc.a(lib_a-memcmp.o)
 .debug_info    0x0000000000002752       0xc9 /home/z/intelFPGA_lite/18.1/nios2eds/bin/gnu/H-x86_64-pc-linux-gnu/bin/../lib/gcc/nios2-elf/5.3.0/../../../../../H-x86_64-pc-linux-gnu/nios2-elf/lib/mno-hw-mul/libsmallc.a(lib_a-strlen.o)

.debug_abbrev   0x0000000000000000     0x1077
 *(.debug_abbrev)
 .debug_abbrev  0x0000000000000000       0x12 ../lab3_bsp//obj/HAL/src/crt0.o
 .debug_abbrev  0x0000000000000012      0x21e obj/default/hello_world_small.o
 .debug_abbrev  0x0000000000000230      0x1a5 ../lab3_bsp//libhal_bsp.a(alt_irq_register.o)
 .debug_abbrev  0x00000000000003d5       0x40 ../lab3_bsp//libhal_bsp.a(alt_irq_vars.o)
 .debug_abbrev  0x0000000000000415       0xd8 ../lab3_bsp//libhal_bsp.a(alt_load.o)
 .debug_abbrev  0x00000000000004ed       0xf5 ../lab3_bsp//libhal_bsp.a(alt_main.o)
 .debug_abbrev  0x00000000000005e2      0x1a5 ../lab3_bsp//libhal_bsp.a(alt_sys_init.o)
 .debug_abbrev  0x0000000000000787      0x119 ../lab3_bsp//libhal_bsp.a(altera_up_avalon_accelerometer_spi.o)
 .debug_abbrev  0x00000000000008a0       0x42 ../lab3_bsp//libhal_bsp.a(alt_dcache_flush_all.o)
 .debug_abbrev  0x00000000000008e2       0xd9 ../lab3_bsp//libhal_bsp.a(alt_dev.o)
 .debug_abbrev  0x00000000000009bb      0x11c ../lab3_bsp//libhal_bsp.a(alt_dev_llist_insert.o)
 .debug_abbrev  0x0000000000000ad7       0x5a ../lab3_bsp//libhal_bsp.a(alt_errno.o)
 .debug_abbrev  0x0000000000000b31      0x125 ../lab3_bsp//libhal_bsp.a(alt_find_dev.o)
 .debug_abbrev  0x0000000000000c56       0x42 ../lab3_bsp//libhal_bsp.a(alt_icache_flush_all.o)
 .debug_abbrev  0x0000000000000c98       0x12 ../lab3_bsp//libhal_bsp.a(alt_irq_entry.o)
 .debug_abbrev  0x0000000000000caa      0x138 ../lab3_bsp//libhal_bsp.a(alt_irq_handler.o)
 .debug_abbrev  0x0000000000000de2       0x67 ../lab3_bsp//libhal_bsp.a(altera_nios2_gen2_irq.o)
 .debug_abbrev  0x0000000000000e49       0x12 ../lab3_bsp//libhal_bsp.a(alt_exception_entry.o)
 .debug_abbrev  0x0000000000000e5b       0xe7 ../lab3_bsp//libhal_bsp.a(alt_instruction_exception_entry.o)
 .debug_abbrev  0x0000000000000f42       0x37 /home/z/intelFPGA_lite/18.1/nios2eds/bin/gnu/H-x86_64-pc-linux-gnu/bin/../lib/gcc/nios2-elf/5.3.0/../../../../../H-x86_64-pc-linux-gnu/nios2-elf/lib/mno-hw-mul/libsmallc.a(lib_a-int_errno.o)
 .debug_abbrev  0x0000000000000f79       0x7f /home/z/intelFPGA_lite/18.1/nios2eds/bin/gnu/H-x86_64-pc-linux-gnu/bin/../lib/gcc/nios2-elf/5.3.0/../../../../../H-x86_64-pc-linux-gnu/nios2-elf/lib/mno-hw-mul/libsmallc.a(lib_a-memcmp.o)
 .debug_abbrev  0x0000000000000ff8       0x7f /home/z/intelFPGA_lite/18.1/nios2eds/bin/gnu/H-x86_64-pc-linux-gnu/bin/../lib/gcc/nios2-elf/5.3.0/../../../../../H-x86_64-pc-linux-gnu/nios2-elf/lib/mno-hw-mul/libsmallc.a(lib_a-strlen.o)

.debug_line     0x0000000000000000     0x1152
 *(.debug_line)
 .debug_line    0x0000000000000000       0x66 ../lab3_bsp//obj/HAL/src/crt0.o
 .debug_line    0x0000000000000066      0x156 obj/default/hello_world_small.o
 .debug_line    0x00000000000001bc       0xed ../lab3_bsp//libhal_bsp.a(alt_irq_register.o)
 .debug_line    0x00000000000002a9       0x50 ../lab3_bsp//libhal_bsp.a(alt_irq_vars.o)
 .debug_line    0x00000000000002f9       0xa4 ../lab3_bsp//libhal_bsp.a(alt_load.o)
 .debug_line    0x000000000000039d       0xea ../lab3_bsp//libhal_bsp.a(alt_main.o)
 .debug_line    0x0000000000000487      0x178 ../lab3_bsp//libhal_bsp.a(alt_sys_init.o)
 .debug_line    0x00000000000005ff      0x131 ../lab3_bsp//libhal_bsp.a(altera_up_avalon_accelerometer_spi.o)
 .debug_line    0x0000000000000730       0x4e ../lab3_bsp//libhal_bsp.a(alt_dcache_flush_all.o)
 .debug_line    0x000000000000077e      0x100 ../lab3_bsp//libhal_bsp.a(alt_dev.o)
 .debug_line    0x000000000000087e       0xd8 ../lab3_bsp//libhal_bsp.a(alt_dev_llist_insert.o)
 .debug_line    0x0000000000000956       0x51 ../lab3_bsp//libhal_bsp.a(alt_errno.o)
 .debug_line    0x00000000000009a7      0x111 ../lab3_bsp//libhal_bsp.a(alt_find_dev.o)
 .debug_line    0x0000000000000ab8       0x4e ../lab3_bsp//libhal_bsp.a(alt_icache_flush_all.o)
 .debug_line    0x0000000000000b06       0x6b ../lab3_bsp//libhal_bsp.a(alt_irq_entry.o)
 .debug_line    0x0000000000000b71       0xc8 ../lab3_bsp//libhal_bsp.a(alt_irq_handler.o)
 .debug_line    0x0000000000000c39       0x8c ../lab3_bsp//libhal_bsp.a(altera_nios2_gen2_irq.o)
 .debug_line    0x0000000000000cc5       0xb3 ../lab3_bsp//libhal_bsp.a(alt_exception_entry.o)
 .debug_line    0x0000000000000d78       0xbf ../lab3_bsp//libhal_bsp.a(alt_instruction_exception_entry.o)
 .debug_line    0x0000000000000e37       0x5f /home/z/intelFPGA_lite/18.1/nios2eds/bin/gnu/H-x86_64-pc-linux-gnu/bin/../lib/gcc/nios2-elf/5.3.0/../../../../../H-x86_64-pc-linux-gnu/nios2-elf/lib/mno-hw-mul/libsmallc.a(lib_a-int_errno.o)
 .debug_line    0x0000000000000e96      0x160 /home/z/intelFPGA_lite/18.1/nios2eds/bin/gnu/H-x86_64-pc-linux-gnu/bin/../lib/gcc/nios2-elf/5.3.0/../../../../../H-x86_64-pc-linux-gnu/nios2-elf/lib/mno-hw-mul/libsmallc.a(lib_a-memcmp.o)
 .debug_line    0x0000000000000ff6      0x15c /home/z/intelFPGA_lite/18.1/nios2eds/bin/gnu/H-x86_64-pc-linux-gnu/bin/../lib/gcc/nios2-elf/5.3.0/../../../../../H-x86_64-pc-linux-gnu/nios2-elf/lib/mno-hw-mul/libsmallc.a(lib_a-strlen.o)

.debug_frame    0x0000000000000000      0x348
 *(.debug_frame)
 .debug_frame   0x0000000000000000       0x84 obj/default/hello_world_small.o
 .debug_frame   0x0000000000000084       0x20 ../lab3_bsp//libhal_bsp.a(alt_irq_register.o)
 .debug_frame   0x00000000000000a4       0x30 ../lab3_bsp//libhal_bsp.a(alt_load.o)
 .debug_frame   0x00000000000000d4       0x2c ../lab3_bsp//libhal_bsp.a(alt_main.o)
 .debug_frame   0x0000000000000100       0x3c ../lab3_bsp//libhal_bsp.a(alt_sys_init.o)
 .debug_frame   0x000000000000013c       0x80 ../lab3_bsp//libhal_bsp.a(altera_up_avalon_accelerometer_spi.o)
 .debug_frame   0x00000000000001bc       0x20 ../lab3_bsp//libhal_bsp.a(alt_dcache_flush_all.o)
 .debug_frame   0x00000000000001dc       0x20 ../lab3_bsp//libhal_bsp.a(alt_dev.o)
 .debug_frame   0x00000000000001fc       0x2c ../lab3_bsp//libhal_bsp.a(alt_dev_llist_insert.o)
 .debug_frame   0x0000000000000228       0x3c ../lab3_bsp//libhal_bsp.a(alt_find_dev.o)
 .debug_frame   0x0000000000000264       0x20 ../lab3_bsp//libhal_bsp.a(alt_icache_flush_all.o)
 .debug_frame   0x0000000000000284       0x34 ../lab3_bsp//libhal_bsp.a(alt_irq_handler.o)
 .debug_frame   0x00000000000002b8       0x20 ../lab3_bsp//libhal_bsp.a(altera_nios2_gen2_irq.o)
 .debug_frame   0x00000000000002d8       0x30 ../lab3_bsp//libhal_bsp.a(alt_instruction_exception_entry.o)
 .debug_frame   0x0000000000000308       0x20 /home/z/intelFPGA_lite/18.1/nios2eds/bin/gnu/H-x86_64-pc-linux-gnu/bin/../lib/gcc/nios2-elf/5.3.0/../../../../../H-x86_64-pc-linux-gnu/nios2-elf/lib/mno-hw-mul/libsmallc.a(lib_a-memcmp.o)
 .debug_frame   0x0000000000000328       0x20 /home/z/intelFPGA_lite/18.1/nios2eds/bin/gnu/H-x86_64-pc-linux-gnu/bin/../lib/gcc/nios2-elf/5.3.0/../../../../../H-x86_64-pc-linux-gnu/nios2-elf/lib/mno-hw-mul/libsmallc.a(lib_a-strlen.o)

.debug_str      0x0000000000000000     0x101e
 *(.debug_str)
 .debug_str     0x0000000000000000      0x285 obj/default/hello_world_small.o
                                        0x2de (size before relaxing)
 .debug_str     0x0000000000000285       0xd5 ../lab3_bsp//libhal_bsp.a(alt_irq_register.o)
                                        0x206 (size before relaxing)
 .debug_str     0x000000000000035a       0x17 ../lab3_bsp//libhal_bsp.a(alt_irq_vars.o)
                                        0x138 (size before relaxing)
 .debug_str     0x0000000000000371      0x113 ../lab3_bsp//libhal_bsp.a(alt_load.o)
                                        0x23a (size before relaxing)
 .debug_str     0x0000000000000484       0x5e ../lab3_bsp//libhal_bsp.a(alt_main.o)
                                        0x1dc (size before relaxing)
 .debug_str     0x00000000000004e2      0x124 ../lab3_bsp//libhal_bsp.a(alt_sys_init.o)
                                        0x348 (size before relaxing)
 .debug_str     0x0000000000000606      0x103 ../lab3_bsp//libhal_bsp.a(altera_up_avalon_accelerometer_spi.o)
                                        0x34c (size before relaxing)
 .debug_str     0x0000000000000709       0x1f ../lab3_bsp//libhal_bsp.a(alt_dcache_flush_all.o)
                                        0x153 (size before relaxing)
 .debug_str     0x0000000000000728      0x125 ../lab3_bsp//libhal_bsp.a(alt_dev.o)
                                        0x303 (size before relaxing)
 .debug_str     0x000000000000084d       0x48 ../lab3_bsp//libhal_bsp.a(alt_dev_llist_insert.o)
                                        0x1ca (size before relaxing)
 .debug_str     0x0000000000000895       0x14 ../lab3_bsp//libhal_bsp.a(alt_errno.o)
                                        0x143 (size before relaxing)
 .debug_str     0x00000000000008a9       0x25 ../lab3_bsp//libhal_bsp.a(alt_find_dev.o)
                                        0x1f8 (size before relaxing)
 .debug_str     0x00000000000008ce       0x1f ../lab3_bsp//libhal_bsp.a(alt_icache_flush_all.o)
                                        0x153 (size before relaxing)
 .debug_str     0x00000000000008ed       0x3a ../lab3_bsp//libhal_bsp.a(alt_irq_handler.o)
                                        0x1b6 (size before relaxing)
 .debug_str     0x0000000000000927       0x20 ../lab3_bsp//libhal_bsp.a(altera_nios2_gen2_irq.o)
                                        0x183 (size before relaxing)
 .debug_str     0x0000000000000947      0x48b ../lab3_bsp//libhal_bsp.a(alt_instruction_exception_entry.o)
                                        0x59e (size before relaxing)
 .debug_str     0x0000000000000dd2      0x135 /home/z/intelFPGA_lite/18.1/nios2eds/bin/gnu/H-x86_64-pc-linux-gnu/bin/../lib/gcc/nios2-elf/5.3.0/../../../../../H-x86_64-pc-linux-gnu/nios2-elf/lib/mno-hw-mul/libsmallc.a(lib_a-int_errno.o)
                                        0x1d9 (size before relaxing)
 .debug_str     0x0000000000000f07       0xda /home/z/intelFPGA_lite/18.1/nios2eds/bin/gnu/H-x86_64-pc-linux-gnu/bin/../lib/gcc/nios2-elf/5.3.0/../../../../../H-x86_64-pc-linux-gnu/nios2-elf/lib/mno-hw-mul/libsmallc.a(lib_a-memcmp.o)
                                        0x1e0 (size before relaxing)
 .debug_str     0x0000000000000fe1       0x3d /home/z/intelFPGA_lite/18.1/nios2eds/bin/gnu/H-x86_64-pc-linux-gnu/bin/../lib/gcc/nios2-elf/5.3.0/../../../../../H-x86_64-pc-linux-gnu/nios2-elf/lib/mno-hw-mul/libsmallc.a(lib_a-strlen.o)
                                        0x1e6 (size before relaxing)

.debug_loc      0x0000000000000000      0x4f9
 *(.debug_loc)
 .debug_loc     0x0000000000000000       0xf6 obj/default/hello_world_small.o
 .debug_loc     0x00000000000000f6       0xfa ../lab3_bsp//libhal_bsp.a(alt_irq_register.o)
 .debug_loc     0x00000000000001f0       0x21 ../lab3_bsp//libhal_bsp.a(alt_sys_init.o)
 .debug_loc     0x0000000000000211       0x63 ../lab3_bsp//libhal_bsp.a(altera_up_avalon_accelerometer_spi.o)
 .debug_loc     0x0000000000000274       0x7e ../lab3_bsp//libhal_bsp.a(alt_dev_llist_insert.o)
 .debug_loc     0x00000000000002f2       0x7e ../lab3_bsp//libhal_bsp.a(alt_find_dev.o)
 .debug_loc     0x0000000000000370       0x72 ../lab3_bsp//libhal_bsp.a(alt_irq_handler.o)
 .debug_loc     0x00000000000003e2       0x65 ../lab3_bsp//libhal_bsp.a(alt_instruction_exception_entry.o)
 .debug_loc     0x0000000000000447       0x94 /home/z/intelFPGA_lite/18.1/nios2eds/bin/gnu/H-x86_64-pc-linux-gnu/bin/../lib/gcc/nios2-elf/5.3.0/../../../../../H-x86_64-pc-linux-gnu/nios2-elf/lib/mno-hw-mul/libsmallc.a(lib_a-memcmp.o)
 .debug_loc     0x00000000000004db       0x1e /home/z/intelFPGA_lite/18.1/nios2eds/bin/gnu/H-x86_64-pc-linux-gnu/bin/../lib/gcc/nios2-elf/5.3.0/../../../../../H-x86_64-pc-linux-gnu/nios2-elf/lib/mno-hw-mul/libsmallc.a(lib_a-strlen.o)

.debug_macinfo
 *(.debug_macinfo)

.debug_weaknames
 *(.debug_weaknames)

.debug_funcnames
 *(.debug_funcnames)

.debug_typenames
 *(.debug_typenames)

.debug_varnames
 *(.debug_varnames)

.debug_alt_sim_info
                0x0000000000000000       0x10
 *(.debug_alt_sim_info)
 .debug_alt_sim_info
                0x0000000000000000       0x10 ../lab3_bsp//obj/HAL/src/crt0.o
                0x0000000000020000                __alt_data_end = 0x20000
                0x0000000000020000                PROVIDE (__alt_stack_pointer, __alt_data_end)
                [!provide]                        PROVIDE (__alt_stack_limit, __alt_stack_base)
                [!provide]                        PROVIDE (__alt_heap_start, end)
                [!provide]                        PROVIDE (__alt_heap_limit, 0x20000)
OUTPUT(lab3.elf elf32-littlenios2)

.debug_ranges   0x0000000000000000      0x158
 .debug_ranges  0x0000000000000000       0x20 ../lab3_bsp//obj/HAL/src/crt0.o
 .debug_ranges  0x0000000000000020       0x18 obj/default/hello_world_small.o
 .debug_ranges  0x0000000000000038       0x48 ../lab3_bsp//libhal_bsp.a(alt_load.o)
 .debug_ranges  0x0000000000000080       0x18 ../lab3_bsp//libhal_bsp.a(alt_sys_init.o)
 .debug_ranges  0x0000000000000098       0x20 ../lab3_bsp//libhal_bsp.a(alt_dev_llist_insert.o)
 .debug_ranges  0x00000000000000b8       0x28 ../lab3_bsp//libhal_bsp.a(alt_irq_entry.o)
 .debug_ranges  0x00000000000000e0       0x10 ../lab3_bsp//libhal_bsp.a(alt_irq_handler.o)
 .debug_ranges  0x00000000000000f0       0x30 ../lab3_bsp//libhal_bsp.a(alt_exception_entry.o)
 .debug_ranges  0x0000000000000120       0x18 ../lab3_bsp//libhal_bsp.a(alt_instruction_exception_entry.o)
 .debug_ranges  0x0000000000000138       0x10 /home/z/intelFPGA_lite/18.1/nios2eds/bin/gnu/H-x86_64-pc-linux-gnu/bin/../lib/gcc/nios2-elf/5.3.0/../../../../../H-x86_64-pc-linux-gnu/nios2-elf/lib/mno-hw-mul/libsmallc.a(lib_a-memcmp.o)
 .debug_ranges  0x0000000000000148       0x10 /home/z/intelFPGA_lite/18.1/nios2eds/bin/gnu/H-x86_64-pc-linux-gnu/bin/../lib/gcc/nios2-elf/5.3.0/../../../../../H-x86_64-pc-linux-gnu/nios2-elf/lib/mno-hw-mul/libsmallc.a(lib_a-strlen.o)
